src/config/database.ts(1,10): error TS2305: Module '"@prisma/client"' has no exported member 'PrismaClient'.
src/services/orderService.ts(37,45): error TS7006: Parameter 'prisma' implicitly has an 'any' type.
